2026-02-09 15:48:01 [main] INFO  com.revpay.main.RevPayApplication -       RevPay Application Started    
2026-02-09 15:48:01 [main] INFO  com.revpay.menu.MainMenu - ===== REV PAY =====
1. Register
2. Login
3. Exit

2026-02-09 15:48:50 [main] INFO  com.revpay.main.RevPayApplication -       RevPay Application Started    
2026-02-09 15:48:50 [main] INFO  com.revpay.menu.MainMenu - ===== REV PAY =====
1. Register
2. Login
3. Exit

2026-02-09 15:48:55 [main] INFO  com.revpay.menu.RegisterMenu - Select Account Type:
1. Personal
2. Business

2026-02-09 15:49:16 [main] INFO  com.revpay.menu.MainMenu - ===== REV PAY =====
1. Register
2. Login
3. Exit

2026-02-09 15:49:16 [main] ERROR com.revpay.main.RevPayApplication - Unexpected error occurred in application
java.util.InputMismatchException: null
	at java.base/java.util.Scanner.throwFor(Scanner.java:964) ~[?:?]
	at java.base/java.util.Scanner.next(Scanner.java:1619) ~[?:?]
	at java.base/java.util.Scanner.nextInt(Scanner.java:2284) ~[?:?]
	at java.base/java.util.Scanner.nextInt(Scanner.java:2238) ~[?:?]
	at com.revpay.menu.MainMenu.show(MainMenu.java:25) ~[classes/:?]
	at com.revpay.main.RevPayApplication.main(RevPayApplication.java:21) [classes/:?]
2026-02-09 15:49:16 [main] INFO  com.revpay.main.RevPayApplication - RevPay Application Stopped
2026-02-09 15:49:23 [main] INFO  com.revpay.main.RevPayApplication -       RevPay Application Started    
2026-02-09 15:49:23 [main] INFO  com.revpay.menu.MainMenu - ===== REV PAY =====
1. Register
2. Login
3. Exit

2026-02-09 15:49:26 [main] INFO  com.revpay.menu.RegisterMenu - Select Account Type:
1. Personal
2. Business

2026-02-09 15:51:14 [main] INFO  com.revpay.main.RevPayApplication -       RevPay Application Started    
2026-02-09 15:51:14 [main] INFO  com.revpay.menu.MainMenu - ===== REV PAY =====
1. Register
2. Login
3. Exit

2026-02-09 15:51:21 [main] INFO  com.revpay.menu.RegisterMenu - Select Account Type:
1. Personal
2. Business

2026-02-09 15:52:30 [main] INFO  com.revpay.menu.MainMenu - ===== REV PAY =====
1. Register
2. Login
3. Exit

2026-02-09 15:53:19 [main] INFO  com.revpay.menu.BusinessMenu - ===== BUSINESS MENU =====
1. View Wallet Balance
2. Add Money
3. Send Money
4. Request Money
5. View Transactions
6. Create Invoice
7. View / Manage Invoices
8. Apply for Loan
9. View Loan Status
10. View Business Analytics
11. Add / Manage Payment Methods
12. View Notifications
13. Change Password / Transaction PIN
14. Logout

2026-02-09 15:53:27 [main] INFO  com.revpay.menu.BusinessMenu - ===== BUSINESS MENU =====
1. View Wallet Balance
2. Add Money
3. Send Money
4. Request Money
5. View Transactions
6. Create Invoice
7. View / Manage Invoices
8. Apply for Loan
9. View Loan Status
10. View Business Analytics
11. Add / Manage Payment Methods
12. View Notifications
13. Change Password / Transaction PIN
14. Logout

2026-02-09 15:53:41 [main] INFO  com.revpay.menu.PaymentMethodMenu - ===== PAYMENT METHODS =====
1. Add Card
2. View Cards
3. Remove Card
4. Back

2026-02-09 15:54:09 [main] INFO  com.revpay.menu.PaymentMethodMenu - Card added successfully.
2026-02-09 15:54:09 [main] INFO  com.revpay.menu.PaymentMethodMenu - ===== PAYMENT METHODS =====
1. Add Card
2. View Cards
3. Remove Card
4. Back

2026-02-09 15:54:13 [main] INFO  com.revpay.menu.PaymentMethodMenu - ===== PAYMENT METHODS =====
1. Add Card
2. View Cards
3. Remove Card
4. Back

2026-02-09 15:54:18 [main] INFO  com.revpay.menu.BusinessMenu - ===== BUSINESS MENU =====
1. View Wallet Balance
2. Add Money
3. Send Money
4. Request Money
5. View Transactions
6. Create Invoice
7. View / Manage Invoices
8. Apply for Loan
9. View Loan Status
10. View Business Analytics
11. Add / Manage Payment Methods
12. View Notifications
13. Change Password / Transaction PIN
14. Logout

2026-02-09 15:54:19 [main] INFO  com.revpay.menu.AddMoneyMenu - ===== ADD MONEY =====
2026-02-09 15:54:35 [main] INFO  com.revpay.menu.BusinessMenu - ===== BUSINESS MENU =====
1. View Wallet Balance
2. Add Money
3. Send Money
4. Request Money
5. View Transactions
6. Create Invoice
7. View / Manage Invoices
8. Apply for Loan
9. View Loan Status
10. View Business Analytics
11. Add / Manage Payment Methods
12. View Notifications
13. Change Password / Transaction PIN
14. Logout

2026-02-09 16:14:49 [main] INFO  com.revpay.main.RevPayApplication -       RevPay Application Started    
2026-02-09 16:14:49 [main] INFO  com.revpay.menu.MainMenu - ===== REV PAY =====
1. Register
2. Login
3. Exit

2026-02-09 21:41:08 [main] INFO  com.revpay.main.RevPayApplication -       RevPay Application Started    
2026-02-09 21:41:08 [main] INFO  com.revpay.menu.MainMenu - ===== REV PAY =====
1. Register
2. Login
3. Exit

2026-02-09 21:41:18 [main] INFO  com.revpay.menu.RegisterMenu - Select Account Type:
1. Personal
2. Business

2026-02-09 21:42:19 [main] INFO  com.revpay.menu.MainMenu - ===== REV PAY =====
1. Register
2. Login
3. Exit

2026-02-09 21:42:51 [main] INFO  com.revpay.menu.PersonalMenu - ===== PERSONAL MENU =====
1. View Wallet Balance
2. Add Money
3. Send Money
4. Request Money
5. View Transactions
6. Add / Manage Payment Methods
7. View Notifications
8. Change Password / Transaction PIN
9. Logout

2026-02-09 21:43:08 [main] INFO  com.revpay.menu.PaymentMethodMenu - ===== PAYMENT METHODS =====
1. Add Card
2. View Cards
3. Remove Card
4. Back

2026-02-09 21:43:43 [main] INFO  com.revpay.menu.PaymentMethodMenu - Card added successfully.
2026-02-09 21:43:43 [main] INFO  com.revpay.menu.PaymentMethodMenu - ===== PAYMENT METHODS =====
1. Add Card
2. View Cards
3. Remove Card
4. Back

2026-02-09 21:43:54 [main] INFO  com.revpay.menu.PaymentMethodMenu - ===== PAYMENT METHODS =====
1. Add Card
2. View Cards
3. Remove Card
4. Back

2026-02-09 21:44:09 [main] INFO  com.revpay.menu.PaymentMethodMenu - Card removed successfully.
2026-02-09 21:44:09 [main] INFO  com.revpay.menu.PaymentMethodMenu - ===== PAYMENT METHODS =====
1. Add Card
2. View Cards
3. Remove Card
4. Back

2026-02-09 21:44:34 [main] INFO  com.revpay.menu.PersonalMenu - ===== PERSONAL MENU =====
1. View Wallet Balance
2. Add Money
3. Send Money
4. Request Money
5. View Transactions
6. Add / Manage Payment Methods
7. View Notifications
8. Change Password / Transaction PIN
9. Logout

2026-02-09 23:39:39 [main] INFO  com.revpay.main.RevPayApplication -       RevPay Application Started    
2026-02-09 23:39:39 [main] INFO  com.revpay.menu.MainMenu - ===== REV PAY =====
1. Register
2. Login
3. Exit

2026-02-09 23:39:46 [main] INFO  com.revpay.menu.RegisterMenu - Select Account Type:
1. Personal
2. Business

2026-02-09 23:40:42 [main] INFO  com.revpay.menu.MainMenu - ===== REV PAY =====
1. Register
2. Login
3. Exit

2026-02-09 23:41:04 [main] INFO  com.revpay.menu.LoginMenu -     1. Try Again
    2. Forgot Password
    3. Exit

2026-02-09 23:41:49 [main] INFO  com.revpay.menu.MainMenu - ===== REV PAY =====
1. Register
2. Login
3. Exit

